// Jest Snapshot v1, https://goo.gl/fbAQLP

exports[`WordForm Component Matches to snapshot 1`] = `
<form
  className="wordForm_container hide-submit"
  onSubmit={[Function]}
>
  <input
    className="wordForm_input"
    onChange={[Function]}
    placeholder="Add word here..."
    type="text"
    value=""
  />
  <label
    data-test="addWordButtonTest"
  >
    <input
      type="submit"
    />
    <PlusIcon
      className=""
      disabled={true}
    />
  </label>
</form>
`;
