// Jest Snapshot v1, https://goo.gl/fbAQLP

exports[`ListForm Component matches the snapshot 1`] = `
<div
  className="listForm_container"
>
  <ForwardRef
    className="listForm_btn listForm_btn--lg"
    data-test="addNewListButton"
    key="2 ListFormAddbtn"
    onClick={[Function]}
    style={
      Object {
        "opacity": AnimatedValue {
          "animatedStyles": Set {},
          "children": Array [],
          "done": false,
          "lastPosition": 0,
          "lastTime": undefined,
          "lastVelocity": undefined,
          "payload": undefined,
          "setValue": [Function],
          "startPosition": 0,
          "startTime": 1568462713703,
          "value": 0,
        },
        "transform": AnimatedInterpolation {
          "attach": [Function],
          "calc": [Function],
          "children": Array [],
          "detach": [Function],
          "payload": Array [
            AnimatedValue {
              "animatedStyles": Set {},
              "children": Array [],
              "done": false,
              "lastPosition": 0,
              "lastTime": undefined,
              "lastVelocity": undefined,
              "payload": undefined,
              "setValue": [Function],
              "startPosition": 0,
              "startTime": 1568462713703,
              "value": 0,
            },
          ],
        },
      }
    }
  />
</div>
`;
