// Jest Snapshot v1, https://goo.gl/fbAQLP

exports[`ListForm Component Matches to snapshot 1`] = `
<form
  className="listForm_container"
  onSubmit={[Function]}
>
  <h1
    className="listForm_title"
  >
    Flashcard App
  </h1>
  <div
    className="listForm_input-container"
  >
    <input
      className="listForm_input"
      onChange={[Function]}
      type="text"
      value=""
    />
    <input
      className="listForm_btn"
      type="submit"
      value="+ Add Topic"
    />
  </div>
</form>
`;
